#testcase: provisioner create-invite --email aa@splunk.com
REQUEST URL:provisioner/v1beta1/invites
REQUEST BODY:{{"email":"aa@splunk.com"}}

#testcase: provisioner get-invite --invite-id i5e603d1366957b00069575fe
REQUEST URL:provisioner/v1beta1/invites/i5e603d1366957b00069575fe
REQUEST BODY:<nil>

#testcase: provisioner list-invites
REQUEST URL:provisioner/v1beta1/invites
REQUEST BODY:<nil>

#testcase: provisioner delete-invite --invite-id i5e603d1366957b00069575fe
REQUEST URL:provisioner/v1beta1/invites/i5e603d1366957b00069575fe
REQUEST BODY:<nil>

#testcase: provisioner list-provision-jobs
REQUEST URL:provisioner/v1beta1/jobs/tenants/provision
REQUEST BODY:<nil>

#testcase: provisioner list-tenants
REQUEST URL:provisioner/v1beta1/tenants
REQUEST BODY:<nil>

#testcase: provisioner update-invite --invite-id i5e603d9225fe920006b12c8e --action accept
REQUEST URL:provisioner/v1beta1/invites/i5e603d9225fe920006b12c8e
REQUEST BODY:{{"action":"accept"}}

#testcase: provisioner create-provision-job --apps "newapp,newapp2"
REQUEST URL:provisioner/v1beta1/jobs/tenants/provision
REQUEST BODY:{{"apps":["newapp","newapp2"]}}

#testcase: provisioner get-provision-job --job-id 5e603e3425fe920006b12c8f
REQUEST URL:provisioner/v1beta1/jobs/tenants/provision/5e603e3425fe920006b12c8f
REQUEST BODY:<nil>

