#testcase: search create-job --query "from index:main"
REQUEST URL:search/v2/jobs
REQUEST BODY:{{"query":"from index:main","queryParameters":{}}}

#testcase: search create-job --query "from index:main" --allow-side-effects true --collect-event-summary true --collect-field-summary true --collect-time-buckets true --enable-preview true
REQUEST URL:search/v2/jobs
REQUEST BODY:{{"query":"from index:main","allowSideEffects":true,"collectEventSummary":true,"collectFieldSummary":true,"collectTimeBuckets":true,"enablePreview":true,"queryParameters":{}}}

#testcase: search get-job --sid f06b0ce82ee39c42a1384a580e0c043c_1582744223402696872_xdjll
REQUEST URL:search/v2/jobs/f06b0ce82ee39c42a1384a580e0c043c_1582744223402696872_xdjll
REQUEST BODY:<nil>

#testcase: search list-jobs
REQUEST URL:search/v2/jobs
REQUEST BODY:<nil>

#testcase: search list-results --sid f06b0ce82ee39c42a1384a580e0c043c_1582744223402696872_xdjll
REQUEST URL:search/v2/jobs/f06b0ce82ee39c42a1384a580e0c043c_1582744223402696872_xdjll/results
REQUEST BODY:<nil>

#testcase: search update-job --sid f06b0ce82ee39c42a1384a580e0c043c_1582744223402696872_xdjll --status finalized
REQUEST URL:search/v2/jobs/f06b0ce82ee39c42a1384a580e0c043c_1582744223402696872_xdjll
REQUEST BODY:{{"status":"finalized"}}

#testcase: search list-events-summary --sid "0da44a16e80195c39ac3cf861bb0c7b2_1582745278455769675_l2wcn"
REQUEST URL:search/v2/jobs/0da44a16e80195c39ac3cf861bb0c7b2_1582745278455769675_l2wcn/timeline-metadata/auto/events-summary
REQUEST BODY:<nil>

#testcase: search list-fields-summary --sid "0da44a16e80195c39ac3cf861bb0c7b2_1582745278455769675_l2wcn"
REQUEST URL:search/v2/jobs/0da44a16e80195c39ac3cf861bb0c7b2_1582745278455769675_l2wcn/timeline-metadata/auto/fields-summary
REQUEST BODY:<nil>

#testcase: search list-preview-results --sid "0da44a16e80195c39ac3cf861bb0c7b2_1582745278455769675_l2wcn"
REQUEST URL:search/v2/jobs/0da44a16e80195c39ac3cf861bb0c7b2_1582745278455769675_l2wcn/results-preview
REQUEST BODY:<nil>

#testcase: search list-time-buckets --sid "0da44a16e80195c39ac3cf861bb0c7b2_1582745278455769675_l2wcn"
REQUEST URL:search/v2/jobs/0da44a16e80195c39ac3cf861bb0c7b2_1582745278455769675_l2wcn/timeline-metadata/auto/time-buckets
REQUEST BODY:<nil>

