#testcase: collect create-execution --job-id 8b631454-c042-451e-80d7-2bb30bbc3ba2
REQUEST URL:collect/v1beta1/jobs/8b631454-c042-451e-80d7-2bb30bbc3ba2/executions
REQUEST BODY:<nil>

#testcase: collect create-job --connector-ID aws-cloudwatch-metrics --name collector12 --parameters "{\"namespaces\": \"AWSEC2\"}" --schedule "16 * * * *" --scale-policy "{\"Static\": {\"Workers\":2}}"
REQUEST URL:collect/v1beta1/jobs
REQUEST BODY:{{"connectorID":"aws-cloudwatch-metrics","name":"collector12","parameters":{"namespaces":"AWSEC2"},"scalePolicy":{"static":{"workers":2}},"schedule":"16 * * * *"}}

#testcase: collect delete-job --job-id 960173a2-3d21-4309-addb-0b2c2d43946e
REQUEST URL:collect/v1beta1/jobs/960173a2-3d21-4309-addb-0b2c2d43946e
REQUEST BODY:<nil>

#testcase: collect delete-jobs
REQUEST URL:collect/v1beta1/jobs
REQUEST BODY:<nil>

#testcase: collect get-execution --job-id 962b9053-5479-41bc-a5f6-e51f1c441496 --execution-uid 9a712d93-49b7-4c6d-9f1d-17df2a6d9249
REQUEST URL:collect/v1beta1/jobs/962b9053-5479-41bc-a5f6-e51f1c441496/executions/9a712d93-49b7-4c6d-9f1d-17df2a6d9249
REQUEST BODY:<nil>

#testcase: collect get-job --job-id 960173a2-3d21-4309-addb-0b2c2d43946e
REQUEST URL:collect/v1beta1/jobs/960173a2-3d21-4309-addb-0b2c2d43946e
REQUEST BODY:<nil>

#testcase: collect list-jobs --connector-id my-connector:v1.0.0dsfsdf
REQUEST URL:collect/v1beta1/jobs?connectorID=my-connector%3Av1.0.0dsfsdf
REQUEST BODY:<nil>

#testcase: collect patch-execution --job-id 962b9053-5479-41bc-a5f6-e51f1c441496 --execution-uid 9a712d93-49b7-4c6d-9f1d-17df2a6d9249 --status canceled
REQUEST URL:collect/v1beta1/jobs/962b9053-5479-41bc-a5f6-e51f1c441496/executions/9a712d93-49b7-4c6d-9f1d-17df2a6d9249
REQUEST BODY:{{"status":"canceled"}}

#testcase: collect patch-job --job-id e414f500-e165-44e4-a88e-d2dbdec569ca --name collector12 --parameters "{\"namespaces\": \"AWSEC2\"}" --schedule "17 * * * *" --scale-policy "{\"Static\": {\"Workers\":2}}" --scheduled false
REQUEST URL:collect/v1beta1/jobs/e414f500-e165-44e4-a88e-d2dbdec569ca
REQUEST BODY:{{"name":"collector12","parameters":{"namespaces":"AWSEC2"},"scalePolicy":{"static":{"workers":2}},"schedule":"17 * * * *","scheduled":false}}

#testcase: collect patch-jobs --job-ids e414f500-e165-44e4-a88e-d2dbdec569ca --scale-policy "{\"Static\": {\"Workers\":2}}"
REQUEST URL:collect/v1beta1/jobs?jobIDs=e414f500-e165-44e4-a88e-d2dbdec569ca
REQUEST BODY:{{"scalePolicy":{"static":{"workers":2}}}}

#testcase: collect patch-jobs --connector-id my-connector:v2.0.0
REQUEST URL:collect/v1beta1/jobs?connectorID=my-connector%3Av2.0.0
REQUEST BODY:{{}}

#testcase: collect patch-jobs --connector-id my-connector:v2.0.0 --scale-policy "{\"Static\": {\"Workers\":2}}"
REQUEST URL:collect/v1beta1/jobs?connectorID=my-connector%3Av2.0.0
REQUEST BODY:{{"scalePolicy":{"static":{"workers":2}}}}

#testcase: collect patch-jobs --job-ids "962b9053-5479-41bc-a5f6-e51f1c441496,004832bf-bbb8-4707-a9ff-5c2cfe4bf633" --event-extra-fields "[{\"name\": \"test\",\"value\":\"value1\"}]"
REQUEST URL:collect/v1beta1/jobs?jobIDs=962b9053-5479-41bc-a5f6-e51f1c441496%2C004832bf-bbb8-4707-a9ff-5c2cfe4bf633
REQUEST BODY:{{"eventExtraFields":[{"name":"test","value":"value1"}]}}

