#testcase: identity create-group --name scloud_test_identity_group
REQUEST URL:identity/v2beta1/groups
REQUEST BODY:{{"name":"scloud_test_identity_group"}}

#testcase: identity get-group --group scloud_test_identity_group
REQUEST URL:identity/v2beta1/groups/scloud_test_identity_group
REQUEST BODY:<nil>

#testcase: identity add-member --name test1@splunk.com
REQUEST URL:identity/v2beta1/members
REQUEST BODY:{{"name":"test1@splunk.com"}}

#testcase: identity create-role --name scloud_test_identity_role
REQUEST URL:identity/v2beta1/roles
REQUEST BODY:{{"name":"scloud_test_identity_role"}}

#testcase: identity list-role-permissions --role scloud_test_identity_role
REQUEST URL:identity/v2beta1/roles/scloud_test_identity_role/permissions
REQUEST BODY:<nil>

#testcase: identity list-group-members --group scloud_test_identity_group
REQUEST URL:identity/v2beta1/groups/scloud_test_identity_group/members
REQUEST BODY:<nil>

#testcase: identity list-member-groups --member test1@splunk.com
REQUEST URL:identity/v2beta1/members/test1@splunk.com/groups
REQUEST BODY:<nil>

#testcase: identity list-member-permissions --member test1@splunk.com
REQUEST URL:identity/v2beta1/members/test1@splunk.com/permissions
REQUEST BODY:<nil>

#testcase: identity list-member-roles --member test1@splunk.com
REQUEST URL:identity/v2beta1/members/test1@splunk.com/roles
REQUEST BODY:<nil>

#testcase: identity list-role-permissions --role scloud_test_identity_role
REQUEST URL:identity/v2beta1/roles/scloud_test_identity_role/permissions
REQUEST BODY:<nil>

#testcase: identity list-group-roles --group scloud_test_identity_group
REQUEST URL:identity/v2beta1/groups/scloud_test_identity_group/roles
REQUEST BODY:<nil>

#testcase: identity add-group-member --group scloud_test_identity_group --name test1@splunk.com
REQUEST URL:identity/v2beta1/groups/scloud_test_identity_group/members
REQUEST BODY:{{"name":"test1@splunk.com"}}

#testcase: identity add-group-role --group scloud_test_identity_group --name scloud_test_identity_role
REQUEST URL:identity/v2beta1/groups/scloud_test_identity_group/roles
REQUEST BODY:{{"name":"scloud_test_identity_role"}}

#testcase: identity add-role-permission --role scloud_test_identity_role --body testsdks:*:identity.groups.read
REQUEST URL:identity/v2beta1/roles/scloud_test_identity_role/permissions
REQUEST BODY:{"testsdks:*:identity.groups.read"}

#testcase: identity get-role --role scloud_test_identity_role
REQUEST URL:identity/v2beta1/roles/scloud_test_identity_role
REQUEST BODY:<nil>

#testcase: identity get-principal --principal srv-ssc-mt32intg@splunkcorp.com
REQUEST URL:identity/v2beta1/principals/srv-ssc-mt32intg@splunkcorp.com
REQUEST BODY:<nil>

#testcase: identity get-role-permission --role scloud_test_identity_role --permission testsdks:*:identity.groups.read
REQUEST URL:identity/v2beta1/roles/scloud_test_identity_role/permissions/testsdks:%2A:identity.groups.read
REQUEST BODY:<nil>

#testcase: identity get-group-role --group scloud_test_identity_group --role scloud_test_identity_role
REQUEST URL:identity/v2beta1/groups/scloud_test_identity_group/roles/scloud_test_identity_role
REQUEST BODY:<nil>

#testcase: identity get-group-member --group scloud_test_identity_group --member test1@splunk.com
REQUEST URL:identity/v2beta1/groups/scloud_test_identity_group/members/test1@splunk.com
REQUEST BODY:<nil>

#testcase: identity get-member --member test1@splunk.com
REQUEST URL:identity/v2beta1/members/test1@splunk.com
REQUEST BODY:<nil>

#testcase: identity list-groups
REQUEST URL:identity/v2beta1/groups
REQUEST BODY:<nil>

#testcase: identity list-principals
REQUEST URL:identity/v2beta1/principals
REQUEST BODY:<nil>

#testcase: identity list-roles
REQUEST URL:identity/v2beta1/roles
REQUEST BODY:<nil>

#testcase: identity list-members
REQUEST URL:identity/v2beta1/members
REQUEST BODY:<nil>

#testcase: identity validate-token --include tenant,principal
enable testhook-dryrun

#testcase: identity remove-role-permission --role scloud_test_identity_role --permission testsdks:*:identity.groups.read
REQUEST URL:identity/v2beta1/roles/scloud_test_identity_role/permissions/testsdks:%2A:identity.groups.read
REQUEST BODY:<nil>

#testcase: identity remove-group-member --group scloud_test_identity_group --member test1@splunk.com
REQUEST URL:identity/v2beta1/groups/scloud_test_identity_group/members/test1@splunk.com
REQUEST BODY:<nil>

#testcase: identity remove-group-role --group scloud_test_identity_group --role scloud_test_identity_role
REQUEST URL:identity/v2beta1/groups/scloud_test_identity_group/roles/scloud_test_identity_role
REQUEST BODY:<nil>

#testcase: identity remove-member --member test1@splunk.com
REQUEST URL:identity/v2beta1/members/test1@splunk.com
REQUEST BODY:<nil>

#testcase: identity delete-role --role scloud_test_identity_role
REQUEST URL:identity/v2beta1/roles/scloud_test_identity_role
REQUEST BODY:<nil>

#testcase: identity delete-group --group scloud_test_identity_group
REQUEST URL:identity/v2beta1/groups/scloud_test_identity_group
REQUEST BODY:<nil>

